current directory: /home/vikas/parity_Assignment/Dockerrizedrails/hello_app/vendor/bundle/ruby/3.2.0/gems/date-3.4.1/ext/date
/home/vikas/.local/share/mise/installs/ruby/3.2.3/bin/ruby extconf.rb
checking for rb_category_warn()... yes
checking for timezone in time.h with  -Werror... yes
checking for altzone in time.h with  -Werror... no
creating Makefile

current directory: /home/vikas/parity_Assignment/Dockerrizedrails/hello_app/vendor/bundle/ruby/3.2.0/gems/date-3.4.1/ext/date
make DESTDIR\= sitearchdir\=./.gem.20250501-101523-f382z8 sitelibdir\=./.gem.20250501-101523-f382z8 clean

current directory: /home/vikas/parity_Assignment/Dockerrizedrails/hello_app/vendor/bundle/ruby/3.2.0/gems/date-3.4.1/ext/date
make DESTDIR\= sitearchdir\=./.gem.20250501-101523-f382z8 sitelibdir\=./.gem.20250501-101523-f382z8
compiling date_core.c
compiling date_parse.c
compiling date_strftime.c
compiling date_strptime.c
linking shared-object date_core.so

current directory: /home/vikas/parity_Assignment/Dockerrizedrails/hello_app/vendor/bundle/ruby/3.2.0/gems/date-3.4.1/ext/date
make DESTDIR\= sitearchdir\=./.gem.20250501-101523-f382z8 sitelibdir\=./.gem.20250501-101523-f382z8 install
/usr/bin/install -c -m 0755 date_core.so ./.gem.20250501-101523-f382z8

current directory: /home/vikas/parity_Assignment/Dockerrizedrails/hello_app/vendor/bundle/ruby/3.2.0/gems/date-3.4.1/ext/date
make DESTDIR\= sitearchdir\=./.gem.20250501-101523-f382z8 sitelibdir\=./.gem.20250501-101523-f382z8 clean
