current directory: /home/vikas/parity_Assignment/Dockerrizedrails/hello_app/vendor/bundle/ruby/3.2.0/gems/io-console-0.8.0/ext/io/console
/home/vikas/.local/share/mise/installs/ruby/3.2.3/bin/ruby extconf.rb
checking for rb_syserr_fail_str(0, Qnil)... yes
checking for rb_interned_str_cstr()... yes
checking for rb_io_path()... no
checking for rb_io_descriptor()... yes
checking for rb_io_get_write_io()... yes
checking for rb_io_closed_p()... no
checking for rb_io_open_descriptor()... no
checking for rb_ractor_local_storage_value_newkey()... yes
checking for termios.h... yes
checking for cfmakeraw() in termios.h... yes
checking for sys/ioctl.h... yes
checking for HAVE_RUBY_FIBER_SCHEDULER_H... yes
checking for ttyname_r()... yes
creating Makefile

current directory: /home/vikas/parity_Assignment/Dockerrizedrails/hello_app/vendor/bundle/ruby/3.2.0/gems/io-console-0.8.0/ext/io/console
make DESTDIR\= sitearchdir\=./.gem.20250501-101523-2w2uk1 sitelibdir\=./.gem.20250501-101523-2w2uk1 clean

current directory: /home/vikas/parity_Assignment/Dockerrizedrails/hello_app/vendor/bundle/ruby/3.2.0/gems/io-console-0.8.0/ext/io/console
make DESTDIR\= sitearchdir\=./.gem.20250501-101523-2w2uk1 sitelibdir\=./.gem.20250501-101523-2w2uk1
compiling console.c
linking shared-object io/console.so

current directory: /home/vikas/parity_Assignment/Dockerrizedrails/hello_app/vendor/bundle/ruby/3.2.0/gems/io-console-0.8.0/ext/io/console
make DESTDIR\= sitearchdir\=./.gem.20250501-101523-2w2uk1 sitelibdir\=./.gem.20250501-101523-2w2uk1 install
/usr/bin/install -c -m 0755 console.so ./.gem.20250501-101523-2w2uk1/io

current directory: /home/vikas/parity_Assignment/Dockerrizedrails/hello_app/vendor/bundle/ruby/3.2.0/gems/io-console-0.8.0/ext/io/console
make DESTDIR\= sitearchdir\=./.gem.20250501-101523-2w2uk1 sitelibdir\=./.gem.20250501-101523-2w2uk1 clean
